Command line invocation:
    /Applications/Xcode.app/Contents/Developer/usr/bin/xcodebuild -scheme llmHub -destination platform=macOS build

Resolve Package Graph


Resolved source packages:
  swift-numerics: https://github.com/apple/swift-numerics.git @ 1.1.1
  swift-concurrency-extras: https://github.com/pointfreeco/swift-concurrency-extras @ 1.3.2
  Textual: https://github.com/gonzalezreal/textual.git @ 0.1.1

--- xcodebuild: WARNING: Using the first of multiple matching destinations:
{ platform:macOS, arch:arm64, id:00008132-000C253001C1801C, name:My Mac }
{ platform:macOS, arch:x86_64, id:00008132-000C253001C1801C, name:My Mac }
ComputePackagePrebuildTargetDependencyGraph

Prepare packages

CreateBuildRequest

SendProjectDescription

CreateBuildOperation

ComputeTargetDependencyGraph
note: Building targets in dependency order
note: Target dependency graph (14 targets)
    Target 'llmHub' in project 'llmHub'
        ➜ Explicit dependency on target 'llmHubHelper' in project 'llmHub'
        ➜ Explicit dependency on target 'Numerics' in project 'swift-numerics'
        ➜ Explicit dependency on target 'ComplexModule' in project 'swift-numerics'
        ➜ Explicit dependency on target 'Textual' in project 'Textual'
        ➜ Explicit dependency on target 'RealModule' in project 'swift-numerics'
    Target 'RealModule' in project 'swift-numerics'
        ➜ Explicit dependency on target 'RealModule' in project 'swift-numerics'
        ➜ Explicit dependency on target '_NumericsShims' in project 'swift-numerics'
    Target 'Textual' in project 'Textual'
        ➜ Explicit dependency on target 'Textual' in project 'Textual'
        ➜ Explicit dependency on target 'Textual_Textual' in project 'Textual'
        ➜ Explicit dependency on target 'ConcurrencyExtras' in project 'swift-concurrency-extras'
    Target 'Textual' in project 'Textual'
        ➜ Explicit dependency on target 'Textual_Textual' in project 'Textual'
        ➜ Explicit dependency on target 'ConcurrencyExtras' in project 'swift-concurrency-extras'
    Target 'ConcurrencyExtras' in project 'swift-concurrency-extras'
        ➜ Explicit dependency on target 'ConcurrencyExtras' in project 'swift-concurrency-extras'
    Target 'ConcurrencyExtras' in project 'swift-concurrency-extras' (no dependencies)
    Target 'Textual_Textual' in project 'Textual' (no dependencies)
    Target 'ComplexModule' in project 'swift-numerics'
        ➜ Explicit dependency on target 'ComplexModule' in project 'swift-numerics'
        ➜ Explicit dependency on target '_NumericsShims' in project 'swift-numerics'
        ➜ Explicit dependency on target 'RealModule' in project 'swift-numerics'
    Target 'Numerics' in project 'swift-numerics'
        ➜ Explicit dependency on target 'Numerics' in project 'swift-numerics'
        ➜ Explicit dependency on target '_NumericsShims' in project 'swift-numerics'
        ➜ Explicit dependency on target 'RealModule' in project 'swift-numerics'
        ➜ Explicit dependency on target 'ComplexModule' in project 'swift-numerics'
    Target 'Numerics' in project 'swift-numerics'
        ➜ Explicit dependency on target '_NumericsShims' in project 'swift-numerics'
        ➜ Explicit dependency on target 'RealModule' in project 'swift-numerics'
        ➜ Explicit dependency on target 'ComplexModule' in project 'swift-numerics'
    Target 'ComplexModule' in project 'swift-numerics'
        ➜ Explicit dependency on target '_NumericsShims' in project 'swift-numerics'
        ➜ Explicit dependency on target 'RealModule' in project 'swift-numerics'
    Target 'RealModule' in project 'swift-numerics'
        ➜ Explicit dependency on target '_NumericsShims' in project 'swift-numerics'
    Target '_NumericsShims' in project 'swift-numerics' (no dependencies)
    Target 'llmHubHelper' in project 'llmHub' (no dependencies)

GatherProvisioningInputs

CreateBuildDescription

ExecuteExternalTool /Applications/Xcode.app/Contents/Developer/Toolchains/XcodeDefault.xctoolchain/usr/bin/clang -v -E -dM -arch arm64 -isysroot /Applications/Xcode.app/Contents/Developer/Platforms/MacOSX.platform/Developer/SDKs/MacOSX26.2.sdk -x c -c /dev/null

ExecuteExternalTool /Applications/Xcode.app/Contents/Developer/Toolchains/XcodeDefault.xctoolchain/usr/bin/swiftc --version

ExecuteExternalTool /Applications/Xcode.app/Contents/Developer/Toolchains/XcodeDefault.xctoolchain/usr/bin/clang -v -E -dM -isysroot /Applications/Xcode.app/Contents/Developer/Platforms/MacOSX.platform/Developer/SDKs/MacOSX26.2.sdk -x c -c /dev/null

ExecuteExternalTool /Applications/Xcode.app/Contents/Developer/usr/bin/actool --version --output-format xml1

ExecuteExternalTool /Applications/Xcode.app/Contents/Developer/Toolchains/XcodeDefault.xctoolchain/usr/bin/ld -version_details

ReadFileContents /Applications/Xcode.app/Contents/Developer/Toolchains/XcodeDefault.xctoolchain/usr/share/docc/features.json

Build description signature: 4a84ff168819ee79fde2df1817918286
Build description path: /Users/hansaxelsson/Library/Developer/Xcode/DerivedData/llmHub-cgsuarxtczjfbvagtomvytclukfr/Build/Intermediates.noindex/XCBuildData/4a84ff168819ee79fde2df1817918286.xcbuilddata
ClangStatCache /Applications/Xcode.app/Contents/Developer/Toolchains/XcodeDefault.xctoolchain/usr/bin/clang-stat-cache /Applications/Xcode.app/Contents/Developer/Platforms/MacOSX.platform/Developer/SDKs/MacOSX26.2.sdk /Users/hansaxelsson/Library/Developer/Xcode/DerivedData/SDKStatCaches.noindex/macosx26.2-25C57-3885c01c3e6b6a337905948deab2002e00fa09913b459cbbc988d1f6730289ae.sdkstatcache
    cd /Users/hansaxelsson/llmHub/llmHub.xcodeproj
    /Applications/Xcode.app/Contents/Developer/Toolchains/XcodeDefault.xctoolchain/usr/bin/clang-stat-cache /Applications/Xcode.app/Contents/Developer/Platforms/MacOSX.platform/Developer/SDKs/MacOSX26.2.sdk -o /Users/hansaxelsson/Library/Developer/Xcode/DerivedData/SDKStatCaches.noindex/macosx26.2-25C57-3885c01c3e6b6a337905948deab2002e00fa09913b459cbbc988d1f6730289ae.sdkstatcache

ProcessInfoPlistFile /Users/hansaxelsson/Library/Developer/Xcode/DerivedData/llmHub-cgsuarxtczjfbvagtomvytclukfr/Build/Products/Debug/llmHubHelper.xpc/Contents/Info.plist /Users/hansaxelsson/llmHub/llmHubHelper/Info.plist (in target 'llmHubHelper' from project 'llmHub')
    cd /Users/hansaxelsson/llmHub
    builtin-infoPlistUtility /Users/hansaxelsson/llmHub/llmHubHelper/Info.plist -producttype com.apple.product-type.xpc-service -expandbuildsettings -platform macosx -o /Users/hansaxelsson/Library/Developer/Xcode/DerivedData/llmHub-cgsuarxtczjfbvagtomvytclukfr/Build/Products/Debug/llmHubHelper.xpc/Contents/Info.plist

ProcessInfoPlistFile /Users/hansaxelsson/Library/Developer/Xcode/DerivedData/llmHub-cgsuarxtczjfbvagtomvytclukfr/Build/Products/Debug/Textual_Textual.bundle/Contents/Info.plist /Users/hansaxelsson/Library/Developer/Xcode/DerivedData/llmHub-cgsuarxtczjfbvagtomvytclukfr/Build/Intermediates.noindex/Textual.build/Debug/Textual_Textual.build/empty-Textual_Textual.plist (in target 'Textual_Textual' from project 'Textual')
    cd /Users/hansaxelsson/Library/Developer/Xcode/DerivedData/llmHub-cgsuarxtczjfbvagtomvytclukfr/SourcePackages/checkouts/textual
    builtin-infoPlistUtility /Users/hansaxelsson/Library/Developer/Xcode/DerivedData/llmHub-cgsuarxtczjfbvagtomvytclukfr/Build/Intermediates.noindex/Textual.build/Debug/Textual_Textual.build/empty-Textual_Textual.plist -producttype com.apple.product-type.bundle -expandbuildsettings -platform macosx -o /Users/hansaxelsson/Library/Developer/Xcode/DerivedData/llmHub-cgsuarxtczjfbvagtomvytclukfr/Build/Products/Debug/Textual_Textual.bundle/Contents/Info.plist

SwiftDriver llmHub normal arm64 com.apple.xcode.tools.swift.compiler (in target 'llmHub' from project 'llmHub')
    cd /Users/hansaxelsson/llmHub
    builtin-SwiftDriver -- /Applications/Xcode.app/Contents/Developer/Toolchains/XcodeDefault.xctoolchain/usr/bin/swiftc -module-name llmHub -Onone -enforce-exclusivity\=checked @/Users/hansaxelsson/Library/Developer/Xcode/DerivedData/llmHub-cgsuarxtczjfbvagtomvytclukfr/Build/Intermediates.noindex/llmHub.build/Debug/llmHub.build/Objects-normal/arm64/llmHub.SwiftFileList -DDEBUG -default-isolation\=MainActor -enable-upcoming-feature MemberImportVisibility -enable-upcoming-feature InferIsolatedConformances -enable-upcoming-feature NonisolatedNonsendingByDefault -enable-experimental-feature DebugDescriptionMacro -sdk /Applications/Xcode.app/Contents/Developer/Platforms/MacOSX.platform/Developer/SDKs/MacOSX26.2.sdk -target arm64-apple-macos26.2 -g -module-cache-path /Users/hansaxelsson/Library/Developer/Xcode/DerivedData/ModuleCache.noindex -Xfrontend -serialize-debugging-options -profile-coverage-mapping -profile-generate -enable-testing -index-store-path /Users/hansaxelsson/Library/Developer/Xcode/DerivedData/llmHub-cgsuarxtczjfbvagtomvytclukfr/Index.noindex/DataStore -Xcc -D_LIBCPP_HARDENING_MODE\=_LIBCPP_HARDENING_MODE_DEBUG -swift-version 6 -I /Users/hansaxelsson/Library/Developer/Xcode/DerivedData/llmHub-cgsuarxtczjfbvagtomvytclukfr/Build/Products/Debug -F /Users/hansaxelsson/Library/Developer/Xcode/DerivedData/llmHub-cgsuarxtczjfbvagtomvytclukfr/Build/Products/Debug/PackageFrameworks -F /Users/hansaxelsson/Library/Developer/Xcode/DerivedData/llmHub-cgsuarxtczjfbvagtomvytclukfr/Build/Products/Debug/PackageFrameworks -F /Users/hansaxelsson/Library/Developer/Xcode/DerivedData/llmHub-cgsuarxtczjfbvagtomvytclukfr/Build/Products/Debug/PackageFrameworks -F /Users/hansaxelsson/Library/Developer/Xcode/DerivedData/llmHub-cgsuarxtczjfbvagtomvytclukfr/Build/Products/Debug/PackageFrameworks -F /Users/hansaxelsson/Library/Developer/Xcode/DerivedData/llmHub-cgsuarxtczjfbvagtomvytclukfr/Build/Products/Debug/PackageFrameworks -F /Users/hansaxelsson/Library/Developer/Xcode/DerivedData/llmHub-cgsuarxtczjfbvagtomvytclukfr/Build/Products/Debug/PackageFrameworks -F /Users/hansaxelsson/Library/Developer/Xcode/DerivedData/llmHub-cgsuarxtczjfbvagtomvytclukfr/Build/Products/Debug -emit-localized-strings -emit-localized-strings-path /Users/hansaxelsson/Library/Developer/Xcode/DerivedData/llmHub-cgsuarxtczjfbvagtomvytclukfr/Build/Intermediates.noindex/llmHub.build/Debug/llmHub.build/Objects-normal/arm64 -c -j10 -enable-batch-mode -incremental -Xcc -ivfsstatcache -Xcc /Users/hansaxelsson/Library/Developer/Xcode/DerivedData/SDKStatCaches.noindex/macosx26.2-25C57-3885c01c3e6b6a337905948deab2002e00fa09913b459cbbc988d1f6730289ae.sdkstatcache -output-file-map /Users/hansaxelsson/Library/Developer/Xcode/DerivedData/llmHub-cgsuarxtczjfbvagtomvytclukfr/Build/Intermediates.noindex/llmHub.build/Debug/llmHub.build/Objects-normal/arm64/llmHub-OutputFileMap.json -use-frontend-parseable-output -save-temps -no-color-diagnostics -explicit-module-build -module-cache-path /Users/hansaxelsson/Library/Developer/Xcode/DerivedData/llmHub-cgsuarxtczjfbvagtomvytclukfr/Build/Intermediates.noindex/SwiftExplicitPrecompiledModules -clang-scanner-module-cache-path /Users/hansaxelsson/Library/Developer/Xcode/DerivedData/ModuleCache.noindex -sdk-module-cache-path /Users/hansaxelsson/Library/Developer/Xcode/DerivedData/ModuleCache.noindex -serialize-diagnostics -emit-dependencies -emit-module -emit-module-path /Users/hansaxelsson/Library/Developer/Xcode/DerivedData/llmHub-cgsuarxtczjfbvagtomvytclukfr/Build/Intermediates.noindex/llmHub.build/Debug/llmHub.build/Objects-normal/arm64/llmHub.swiftmodule -validate-clang-modules-once -clang-build-session-file /Users/hansaxelsson/Library/Developer/Xcode/DerivedData/ModuleCache.noindex/Session.modulevalidation -Xcc -I/Users/hansaxelsson/Library/Developer/Xcode/DerivedData/llmHub-cgsuarxtczjfbvagtomvytclukfr/Build/Intermediates.noindex/llmHub.build/Debug/llmHub.build/swift-overrides.hmap -emit-const-values -Xfrontend -const-gather-protocols-file -Xfrontend /Users/hansaxelsson/Library/Developer/Xcode/DerivedData/llmHub-cgsuarxtczjfbvagtomvytclukfr/Build/Intermediates.noindex/llmHub.build/Debug/llmHub.build/Objects-normal/arm64/llmHub_const_extract_protocols.json -Xcc -iquote -Xcc /Users/hansaxelsson/Library/Developer/Xcode/DerivedData/llmHub-cgsuarxtczjfbvagtomvytclukfr/Build/Intermediates.noindex/llmHub.build/Debug/llmHub.build/llmHub-generated-files.hmap -Xcc -I/Users/hansaxelsson/Library/Developer/Xcode/DerivedData/llmHub-cgsuarxtczjfbvagtomvytclukfr/Build/Intermediates.noindex/llmHub.build/Debug/llmHub.build/llmHub-own-target-headers.hmap -Xcc -I/Users/hansaxelsson/Library/Developer/Xcode/DerivedData/llmHub-cgsuarxtczjfbvagtomvytclukfr/Build/Intermediates.noindex/llmHub.build/Debug/llmHub.build/llmHub-all-non-framework-target-headers.hmap -Xcc -ivfsoverlay -Xcc /Users/hansaxelsson/Library/Developer/Xcode/DerivedData/llmHub-cgsuarxtczjfbvagtomvytclukfr/Build/Intermediates.noindex/llmHub.build/Debug/llmHub-b47a1df6698d69dd120fff2bd4c843ba-VFS/all-product-headers.yaml -Xcc -iquote -Xcc /Users/hansaxelsson/Library/Developer/Xcode/DerivedData/llmHub-cgsuarxtczjfbvagtomvytclukfr/Build/Intermediates.noindex/llmHub.build/Debug/llmHub.build/llmHub-project-headers.hmap -Xcc -I/Users/hansaxelsson/Library/Developer/Xcode/DerivedData/llmHub-cgsuarxtczjfbvagtomvytclukfr/SourcePackages/checkouts/swift-numerics/Sources/_NumericsShims/include -Xcc -I/Users/hansaxelsson/Library/Developer/Xcode/DerivedData/llmHub-cgsuarxtczjfbvagtomvytclukfr/Build/Products/Debug/include -Xcc -I/Users/hansaxelsson/Library/Developer/Xcode/DerivedData/llmHub-cgsuarxtczjfbvagtomvytclukfr/Build/Intermediates.noindex/llmHub.build/Debug/llmHub.build/DerivedSources-normal/arm64 -Xcc -I/Users/hansaxelsson/Library/Developer/Xcode/DerivedData/llmHub-cgsuarxtczjfbvagtomvytclukfr/Build/Intermediates.noindex/llmHub.build/Debug/llmHub.build/DerivedSources/arm64 -Xcc -I/Users/hansaxelsson/Library/Developer/Xcode/DerivedData/llmHub-cgsuarxtczjfbvagtomvytclukfr/Build/Intermediates.noindex/llmHub.build/Debug/llmHub.build/DerivedSources -Xcc -DDEBUG\=1 -emit-objc-header -emit-objc-header-path /Users/hansaxelsson/Library/Developer/Xcode/DerivedData/llmHub-cgsuarxtczjfbvagtomvytclukfr/Build/Intermediates.noindex/llmHub.build/Debug/llmHub.build/Objects-normal/arm64/llmHub-Swift.h -working-directory /Users/hansaxelsson/llmHub -experimental-emit-module-separately -disable-cmo

SwiftEmitModule normal arm64 Emitting\ module\ for\ llmHub (in target 'llmHub' from project 'llmHub')

EmitSwiftModule normal arm64 (in target 'llmHub' from project 'llmHub')
    cd /Users/hansaxelsson/llmHub
    

SwiftCompile normal arm64 Compiling\ Composer.swift /Users/hansaxelsson/llmHub/llmHub/Views/UI/Composer/Composer.swift (in target 'llmHub' from project 'llmHub')
SwiftCompile normal arm64 /Users/hansaxelsson/llmHub/llmHub/Views/UI/Composer/Composer.swift (in target 'llmHub' from project 'llmHub')
    cd /Users/hansaxelsson/llmHub
    
/Users/hansaxelsson/llmHub/llmHub/Views/UI/Composer/Composer.swift:43:21: error: cannot find 'chatVM' in scope
                if !chatVM.stagingArtifacts.isEmpty {
                    ^~~~~~
/Users/hansaxelsson/llmHub/llmHub/Views/UI/Composer/Composer.swift:46:37: error: cannot find 'chatVM' in scope
                            ForEach(chatVM.stagingArtifacts) { artifact in
                                    ^~~~~~
/Users/hansaxelsson/llmHub/llmHub/Views/UI/Composer/Composer.swift:48:37: error: cannot find 'chatVM' in scope
                                    chatVM.removeStagedArtifact(id: artifact.id)
                                    ^~~~~~
/Users/hansaxelsson/llmHub/llmHub/Views/UI/Composer/Composer.swift:86:21: error: cannot find 'chatVM' in scope
                if !chatVM.stagedAttachments.isEmpty {
                    ^~~~~~

Failed frontend command:
/Applications/Xcode.app/Contents/Developer/Toolchains/XcodeDefault.xctoolchain/usr/bin/swift-frontend -frontend -c -filelist /Users/hansaxelsson/Library/Developer/Xcode/DerivedData/llmHub-cgsuarxtczjfbvagtomvytclukfr/Build/Intermediates.noindex/llmHub.build/Debug/llmHub.build/Objects-normal/arm64/sources-1 -primary-file /Users/hansaxelsson/llmHub/llmHub/Views/UI/Composer/Composer.swift -emit-dependencies-path /Users/hansaxelsson/Library/Developer/Xcode/DerivedData/llmHub-cgsuarxtczjfbvagtomvytclukfr/Build/Intermediates.noindex/llmHub.build/Debug/llmHub.build/Objects-normal/arm64/Composer.d -emit-const-values-path /Users/hansaxelsson/Library/Developer/Xcode/DerivedData/llmHub-cgsuarxtczjfbvagtomvytclukfr/Build/Intermediates.noindex/llmHub.build/Debug/llmHub.build/Objects-normal/arm64/Composer.swiftconstvalues -emit-reference-dependencies-path /Users/hansaxelsson/Library/Developer/Xcode/DerivedData/llmHub-cgsuarxtczjfbvagtomvytclukfr/Build/Intermediates.noindex/llmHub.build/Debug/llmHub.build/Objects-normal/arm64/Composer.swiftdeps -serialize-diagnostics-path /Users/hansaxelsson/Library/Developer/Xcode/DerivedData/llmHub-cgsuarxtczjfbvagtomvytclukfr/Build/Intermediates.noindex/llmHub.build/Debug/llmHub.build/Objects-normal/arm64/Composer.dia -emit-localized-strings -emit-localized-strings-path /Users/hansaxelsson/Library/Developer/Xcode/DerivedData/llmHub-cgsuarxtczjfbvagtomvytclukfr/Build/Intermediates.noindex/llmHub.build/Debug/llmHub.build/Objects-normal/arm64 -target arm64-apple-macos26.2 -module-can-import-version AppKit 2685.30.107 2685.30.107 -module-can-import-version DeveloperToolsSupport 23.0.4 23.0.4 -module-can-import-version SwiftUI 7.2.5.1 7.2.5 -disable-cross-import-overlay-search -swift-module-cross-import LocalAuthentication /Applications/Xcode.app/Contents/Developer/Platforms/MacOSX.platform/Developer/SDKs/MacOSX.sdk/System/Library/Frameworks/LocalAuthentication.framework/Modules/LocalAuthentication.swiftcrossimport/SwiftUI.swiftoverlay -swift-module-cross-import LocalAuthentication /Applications/Xcode.app/Contents/Developer/Platforms/MacOSX.platform/Developer/SDKs/MacOSX26.2.sdk/System/Library/Frameworks/LocalAuthentication.framework/Modules/LocalAuthentication.swiftcrossimport/SwiftUI.swiftoverlay -swift-module-cross-import SwiftData /Applications/Xcode.app/Contents/Developer/Platforms/MacOSX.platform/Developer/SDKs/MacOSX26.2.sdk/System/Library/Frameworks/SwiftData.framework/Modules/SwiftData.swiftcrossimport/CoreData.swiftoverlay -swift-module-cross-import SwiftData /Applications/Xcode.app/Contents/Developer/Platforms/MacOSX.platform/Developer/SDKs/MacOSX26.2.sdk/System/Library/Frameworks/SwiftData.framework/Modules/SwiftData.swiftcrossimport/SwiftUI.swiftoverlay -load-resolved-plugin /Applications/Xcode.app/Contents/Developer/Platforms/MacOSX.platform/Developer/usr/lib/swift/host/plugins/libFoundationMacros.dylib\#/Applications/Xcode.app/Contents/Developer/Platforms/MacOSX.platform/Developer/usr/bin/swift-plugin-server\#FoundationMacros -load-resolved-plugin /Applications/Xcode.app/Contents/Developer/Platforms/MacOSX.platform/Developer/usr/lib/swift/host/plugins/libFoundationModelsMacros.dylib\#/Applications/Xcode.app/Contents/Developer/Platforms/MacOSX.platform/Developer/usr/bin/swift-plugin-server\#FoundationModelsMacros -load-resolved-plugin /Applications/Xcode.app/Contents/Developer/Platforms/MacOSX.platform/Developer/usr/lib/swift/host/plugins/libObservationMacros.dylib\#/Applications/Xcode.app/Contents/Developer/Platforms/MacOSX.platform/Developer/usr/bin/swift-plugin-server\#ObservationMacros -load-resolved-plugin /Applications/Xcode.app/Contents/Developer/Platforms/MacOSX.platform/Developer/usr/lib/swift/host/plugins/libPreviewsMacros.dylib\#/Applications/Xcode.app/Contents/Developer/Platforms/MacOSX.platform/Developer/usr/bin/swift-plugin-server\#PreviewsMacros -load-resolved-plugin /Applications/Xcode.app/Contents/Developer/Platforms/MacOSX.platform/Developer/usr/lib/swift/host/plugins/libSwiftDataMacros.dylib\#/Applications/Xcode.app/Contents/Developer/Platforms/MacOSX.platform/Developer/usr/bin/swift-plugin-server\#SwiftDataMacros -load-resolved-plugin /Applications/Xcode.app/Contents/Developer/Platforms/MacOSX.platform/Developer/usr/lib/swift/host/plugins/libSwiftMacros.dylib\#/Applications/Xcode.app/Contents/Developer/Platforms/MacOSX.platform/Developer/usr/bin/swift-plugin-server\#SwiftMacros -load-resolved-plugin /Applications/Xcode.app/Contents/Developer/Platforms/MacOSX.platform/Developer/usr/lib/swift/host/plugins/libSwiftUIMacros.dylib\#/Applications/Xcode.app/Contents/Developer/Platforms/MacOSX.platform/Developer/usr/bin/swift-plugin-server\#SwiftUIMacros -disable-implicit-swift-modules -Xcc -fno-implicit-modules -Xcc -fno-implicit-module-maps -explicit-swift-module-map-file /Users/hansaxelsson/Library/Developer/Xcode/DerivedData/llmHub-cgsuarxtczjfbvagtomvytclukfr/Build/Intermediates.noindex/llmHub.build/Debug/llmHub.build/Objects-normal/arm64/llmHub-dependencies-1.json -Xllvm -aarch64-use-tbi -enable-objc-interop -stack-check -sdk /Applications/Xcode.app/Contents/Developer/Platforms/MacOSX.platform/Developer/SDKs/MacOSX26.2.sdk -I /Users/hansaxelsson/Library/Developer/Xcode/DerivedData/llmHub-cgsuarxtczjfbvagtomvytclukfr/Build/Products/Debug -F /Users/hansaxelsson/Library/Developer/Xcode/DerivedData/llmHub-cgsuarxtczjfbvagtomvytclukfr/Build/Products/Debug/PackageFrameworks -F /Users/hansaxelsson/Library/Developer/Xcode/DerivedData/llmHub-cgsuarxtczjfbvagtomvytclukfr/Build/Products/Debug/PackageFrameworks -F /Users/hansaxelsson/Library/Developer/Xcode/DerivedData/llmHub-cgsuarxtczjfbvagtomvytclukfr/Build/Products/Debug/PackageFrameworks -F /Users/hansaxelsson/Library/Developer/Xcode/DerivedData/llmHub-cgsuarxtczjfbvagtomvytclukfr/Build/Products/Debug/PackageFrameworks -F /Users/hansaxelsson/Library/Developer/Xcode/DerivedData/llmHub-cgsuarxtczjfbvagtomvytclukfr/Build/Products/Debug/PackageFrameworks -F /Users/hansaxelsson/Library/Developer/Xcode/DerivedData/llmHub-cgsuarxtczjfbvagtomvytclukfr/Build/Products/Debug/PackageFrameworks -F /Users/hansaxelsson/Library/Developer/Xcode/DerivedData/llmHub-cgsuarxtczjfbvagtomvytclukfr/Build/Products/Debug -no-color-diagnostics -Xcc -fno-color-diagnostics -enable-testing -g -debug-info-format\=dwarf -dwarf-version\=5 -module-cache-path /Users/hansaxelsson/Library/Developer/Xcode/DerivedData/llmHub-cgsuarxtczjfbvagtomvytclukfr/Build/Intermediates.noindex/SwiftExplicitPrecompiledModules -profile-generate -profile-coverage-mapping -swift-version 6 -enforce-exclusivity\=checked -Onone -D DEBUG -serialize-debugging-options -const-gather-protocols-file /Users/hansaxelsson/Library/Developer/Xcode/DerivedData/llmHub-cgsuarxtczjfbvagtomvytclukfr/Build/Intermediates.noindex/llmHub.build/Debug/llmHub.build/Objects-normal/arm64/llmHub_const_extract_protocols.json -enable-upcoming-feature MemberImportVisibility -enable-upcoming-feature InferIsolatedConformances -enable-upcoming-feature NonisolatedNonsendingByDefault -enable-experimental-feature DebugDescriptionMacro -default-isolation\=MainActor -empty-abi-descriptor -validate-clang-modules-once -clang-build-session-file /Users/hansaxelsson/Library/Developer/Xcode/DerivedData/ModuleCache.noindex/Session.modulevalidation -Xcc -working-directory -Xcc /Users/hansaxelsson/llmHub -enable-anonymous-context-mangled-names -file-compilation-dir /Users/hansaxelsson/llmHub -Xcc -D_LIBCPP_HARDENING_MODE\=_LIBCPP_HARDENING_MODE_DEBUG -Xcc -ivfsstatcache -Xcc /Users/hansaxelsson/Library/Developer/Xcode/DerivedData/SDKStatCaches.noindex/macosx26.2-25C57-3885c01c3e6b6a337905948deab2002e00fa09913b459cbbc988d1f6730289ae.sdkstatcache -Xcc -I/Users/hansaxelsson/Library/Developer/Xcode/DerivedData/llmHub-cgsuarxtczjfbvagtomvytclukfr/Build/Intermediates.noindex/llmHub.build/Debug/llmHub.build/swift-overrides.hmap -Xcc -iquote -Xcc /Users/hansaxelsson/Library/Developer/Xcode/DerivedData/llmHub-cgsuarxtczjfbvagtomvytclukfr/Build/Intermediates.noindex/llmHub.build/Debug/llmHub.build/llmHub-generated-files.hmap -Xcc -I/Users/hansaxelsson/Library/Developer/Xcode/DerivedData/llmHub-cgsuarxtczjfbvagtomvytclukfr/Build/Intermediates.noindex/llmHub.build/Debug/llmHub.build/llmHub-own-target-headers.hmap -Xcc -I/Users/hansaxelsson/Library/Developer/Xcode/DerivedData/llmHub-cgsuarxtczjfbvagtomvytclukfr/Build/Intermediates.noindex/llmHub.build/Debug/llmHub.build/llmHub-all-non-framework-target-headers.hmap -Xcc -ivfsoverlay -Xcc /Users/hansaxelsson/Library/Developer/Xcode/DerivedData/llmHub-cgsuarxtczjfbvagtomvytclukfr/Build/Intermediates.noindex/llmHub.build/Debug/llmHub-b47a1df6698d69dd120fff2bd4c843ba-VFS/all-product-headers.yaml -Xcc -iquote -Xcc /Users/hansaxelsson/Library/Developer/Xcode/DerivedData/llmHub-cgsuarxtczjfbvagtomvytclukfr/Build/Intermediates.noindex/llmHub.build/Debug/llmHub.build/llmHub-project-headers.hmap -Xcc -I/Users/hansaxelsson/Library/Developer/Xcode/DerivedData/llmHub-cgsuarxtczjfbvagtomvytclukfr/SourcePackages/checkouts/swift-numerics/Sources/_NumericsShims/include -Xcc -I/Users/hansaxelsson/Library/Developer/Xcode/DerivedData/llmHub-cgsuarxtczjfbvagtomvytclukfr/Build/Products/Debug/include -Xcc -I/Users/hansaxelsson/Library/Developer/Xcode/DerivedData/llmHub-cgsuarxtczjfbvagtomvytclukfr/Build/Intermediates.noindex/llmHub.build/Debug/llmHub.build/DerivedSources-normal/arm64 -Xcc -I/Users/hansaxelsson/Library/Developer/Xcode/DerivedData/llmHub-cgsuarxtczjfbvagtomvytclukfr/Build/Intermediates.noindex/llmHub.build/Debug/llmHub.build/DerivedSources/arm64 -Xcc -I/Users/hansaxelsson/Library/Developer/Xcode/DerivedData/llmHub-cgsuarxtczjfbvagtomvytclukfr/Build/Intermediates.noindex/llmHub.build/Debug/llmHub.build/DerivedSources -Xcc -DDEBUG\=1 -no-auto-bridging-header-chaining -module-name llmHub -frontend-parseable-output -disable-clang-spi -target-sdk-version 26.2 -target-sdk-name macosx26.2 -clang-target arm64-apple-macos26.2 -in-process-plugin-server-path /Applications/Xcode.app/Contents/Developer/Toolchains/XcodeDefault.xctoolchain/usr/lib/swift/host/libSwiftInProcPluginServer.dylib -o /Users/hansaxelsson/Library/Developer/Xcode/DerivedData/llmHub-cgsuarxtczjfbvagtomvytclukfr/Build/Intermediates.noindex/llmHub.build/Debug/llmHub.build/Objects-normal/arm64/Composer.o -index-unit-output-path /llmHub.build/Debug/llmHub.build/Objects-normal/arm64/Composer.o -index-store-path /Users/hansaxelsson/Library/Developer/Xcode/DerivedData/llmHub-cgsuarxtczjfbvagtomvytclukfr/Index.noindex/DataStore -index-system-modules
SwiftDriver\ Compilation llmHub normal arm64 com.apple.xcode.tools.swift.compiler (in target 'llmHub' from project 'llmHub')
    cd /Users/hansaxelsson/llmHub
    builtin-Swift-Compilation -- /Applications/Xcode.app/Contents/Developer/Toolchains/XcodeDefault.xctoolchain/usr/bin/swiftc -module-name llmHub -Onone -enforce-exclusivity\=checked @/Users/hansaxelsson/Library/Developer/Xcode/DerivedData/llmHub-cgsuarxtczjfbvagtomvytclukfr/Build/Intermediates.noindex/llmHub.build/Debug/llmHub.build/Objects-normal/arm64/llmHub.SwiftFileList -DDEBUG -default-isolation\=MainActor -enable-upcoming-feature MemberImportVisibility -enable-upcoming-feature InferIsolatedConformances -enable-upcoming-feature NonisolatedNonsendingByDefault -enable-experimental-feature DebugDescriptionMacro -sdk /Applications/Xcode.app/Contents/Developer/Platforms/MacOSX.platform/Developer/SDKs/MacOSX26.2.sdk -target arm64-apple-macos26.2 -g -module-cache-path /Users/hansaxelsson/Library/Developer/Xcode/DerivedData/ModuleCache.noindex -Xfrontend -serialize-debugging-options -profile-coverage-mapping -profile-generate -enable-testing -index-store-path /Users/hansaxelsson/Library/Developer/Xcode/DerivedData/llmHub-cgsuarxtczjfbvagtomvytclukfr/Index.noindex/DataStore -Xcc -D_LIBCPP_HARDENING_MODE\=_LIBCPP_HARDENING_MODE_DEBUG -swift-version 6 -I /Users/hansaxelsson/Library/Developer/Xcode/DerivedData/llmHub-cgsuarxtczjfbvagtomvytclukfr/Build/Products/Debug -F /Users/hansaxelsson/Library/Developer/Xcode/DerivedData/llmHub-cgsuarxtczjfbvagtomvytclukfr/Build/Products/Debug/PackageFrameworks -F /Users/hansaxelsson/Library/Developer/Xcode/DerivedData/llmHub-cgsuarxtczjfbvagtomvytclukfr/Build/Products/Debug/PackageFrameworks -F /Users/hansaxelsson/Library/Developer/Xcode/DerivedData/llmHub-cgsuarxtczjfbvagtomvytclukfr/Build/Products/Debug/PackageFrameworks -F /Users/hansaxelsson/Library/Developer/Xcode/DerivedData/llmHub-cgsuarxtczjfbvagtomvytclukfr/Build/Products/Debug/PackageFrameworks -F /Users/hansaxelsson/Library/Developer/Xcode/DerivedData/llmHub-cgsuarxtczjfbvagtomvytclukfr/Build/Products/Debug/PackageFrameworks -F /Users/hansaxelsson/Library/Developer/Xcode/DerivedData/llmHub-cgsuarxtczjfbvagtomvytclukfr/Build/Products/Debug/PackageFrameworks -F /Users/hansaxelsson/Library/Developer/Xcode/DerivedData/llmHub-cgsuarxtczjfbvagtomvytclukfr/Build/Products/Debug -emit-localized-strings -emit-localized-strings-path /Users/hansaxelsson/Library/Developer/Xcode/DerivedData/llmHub-cgsuarxtczjfbvagtomvytclukfr/Build/Intermediates.noindex/llmHub.build/Debug/llmHub.build/Objects-normal/arm64 -c -j10 -enable-batch-mode -incremental -Xcc -ivfsstatcache -Xcc /Users/hansaxelsson/Library/Developer/Xcode/DerivedData/SDKStatCaches.noindex/macosx26.2-25C57-3885c01c3e6b6a337905948deab2002e00fa09913b459cbbc988d1f6730289ae.sdkstatcache -output-file-map /Users/hansaxelsson/Library/Developer/Xcode/DerivedData/llmHub-cgsuarxtczjfbvagtomvytclukfr/Build/Intermediates.noindex/llmHub.build/Debug/llmHub.build/Objects-normal/arm64/llmHub-OutputFileMap.json -use-frontend-parseable-output -save-temps -no-color-diagnostics -explicit-module-build -module-cache-path /Users/hansaxelsson/Library/Developer/Xcode/DerivedData/llmHub-cgsuarxtczjfbvagtomvytclukfr/Build/Intermediates.noindex/SwiftExplicitPrecompiledModules -clang-scanner-module-cache-path /Users/hansaxelsson/Library/Developer/Xcode/DerivedData/ModuleCache.noindex -sdk-module-cache-path /Users/hansaxelsson/Library/Developer/Xcode/DerivedData/ModuleCache.noindex -serialize-diagnostics -emit-dependencies -emit-module -emit-module-path /Users/hansaxelsson/Library/Developer/Xcode/DerivedData/llmHub-cgsuarxtczjfbvagtomvytclukfr/Build/Intermediates.noindex/llmHub.build/Debug/llmHub.build/Objects-normal/arm64/llmHub.swiftmodule -validate-clang-modules-once -clang-build-session-file /Users/hansaxelsson/Library/Developer/Xcode/DerivedData/ModuleCache.noindex/Session.modulevalidation -Xcc -I/Users/hansaxelsson/Library/Developer/Xcode/DerivedData/llmHub-cgsuarxtczjfbvagtomvytclukfr/Build/Intermediates.noindex/llmHub.build/Debug/llmHub.build/swift-overrides.hmap -emit-const-values -Xfrontend -const-gather-protocols-file -Xfrontend /Users/hansaxelsson/Library/Developer/Xcode/DerivedData/llmHub-cgsuarxtczjfbvagtomvytclukfr/Build/Intermediates.noindex/llmHub.build/Debug/llmHub.build/Objects-normal/arm64/llmHub_const_extract_protocols.json -Xcc -iquote -Xcc /Users/hansaxelsson/Library/Developer/Xcode/DerivedData/llmHub-cgsuarxtczjfbvagtomvytclukfr/Build/Intermediates.noindex/llmHub.build/Debug/llmHub.build/llmHub-generated-files.hmap -Xcc -I/Users/hansaxelsson/Library/Developer/Xcode/DerivedData/llmHub-cgsuarxtczjfbvagtomvytclukfr/Build/Intermediates.noindex/llmHub.build/Debug/llmHub.build/llmHub-own-target-headers.hmap -Xcc -I/Users/hansaxelsson/Library/Developer/Xcode/DerivedData/llmHub-cgsuarxtczjfbvagtomvytclukfr/Build/Intermediates.noindex/llmHub.build/Debug/llmHub.build/llmHub-all-non-framework-target-headers.hmap -Xcc -ivfsoverlay -Xcc /Users/hansaxelsson/Library/Developer/Xcode/DerivedData/llmHub-cgsuarxtczjfbvagtomvytclukfr/Build/Intermediates.noindex/llmHub.build/Debug/llmHub-b47a1df6698d69dd120fff2bd4c843ba-VFS/all-product-headers.yaml -Xcc -iquote -Xcc /Users/hansaxelsson/Library/Developer/Xcode/DerivedData/llmHub-cgsuarxtczjfbvagtomvytclukfr/Build/Intermediates.noindex/llmHub.build/Debug/llmHub.build/llmHub-project-headers.hmap -Xcc -I/Users/hansaxelsson/Library/Developer/Xcode/DerivedData/llmHub-cgsuarxtczjfbvagtomvytclukfr/SourcePackages/checkouts/swift-numerics/Sources/_NumericsShims/include -Xcc -I/Users/hansaxelsson/Library/Developer/Xcode/DerivedData/llmHub-cgsuarxtczjfbvagtomvytclukfr/Build/Products/Debug/include -Xcc -I/Users/hansaxelsson/Library/Developer/Xcode/DerivedData/llmHub-cgsuarxtczjfbvagtomvytclukfr/Build/Intermediates.noindex/llmHub.build/Debug/llmHub.build/DerivedSources-normal/arm64 -Xcc -I/Users/hansaxelsson/Library/Developer/Xcode/DerivedData/llmHub-cgsuarxtczjfbvagtomvytclukfr/Build/Intermediates.noindex/llmHub.build/Debug/llmHub.build/DerivedSources/arm64 -Xcc -I/Users/hansaxelsson/Library/Developer/Xcode/DerivedData/llmHub-cgsuarxtczjfbvagtomvytclukfr/Build/Intermediates.noindex/llmHub.build/Debug/llmHub.build/DerivedSources -Xcc -DDEBUG\=1 -emit-objc-header -emit-objc-header-path /Users/hansaxelsson/Library/Developer/Xcode/DerivedData/llmHub-cgsuarxtczjfbvagtomvytclukfr/Build/Intermediates.noindex/llmHub.build/Debug/llmHub.build/Objects-normal/arm64/llmHub-Swift.h -working-directory /Users/hansaxelsson/llmHub -experimental-emit-module-separately -disable-cmo

ProcessInfoPlistFile /Users/hansaxelsson/Library/Developer/Xcode/DerivedData/llmHub-cgsuarxtczjfbvagtomvytclukfr/Build/Products/Debug/llmHub.app/Contents/Info.plist /Users/hansaxelsson/llmHub/llmHub/Info.plist (in target 'llmHub' from project 'llmHub')
    cd /Users/hansaxelsson/llmHub
    builtin-infoPlistUtility /Users/hansaxelsson/llmHub/llmHub/Info.plist -producttype com.apple.product-type.application -genpkginfo /Users/hansaxelsson/Library/Developer/Xcode/DerivedData/llmHub-cgsuarxtczjfbvagtomvytclukfr/Build/Products/Debug/llmHub.app/Contents/PkgInfo -expandbuildsettings -platform macosx -additionalcontentfile /Users/hansaxelsson/Library/Developer/Xcode/DerivedData/llmHub-cgsuarxtczjfbvagtomvytclukfr/Build/Intermediates.noindex/llmHub.build/Debug/llmHub.build/assetcatalog_generated_info.plist -scanforprivacyfile /Users/hansaxelsson/Library/Developer/Xcode/DerivedData/llmHub-cgsuarxtczjfbvagtomvytclukfr/Build/Products/Debug/llmHub.app/Contents/Resources/Textual_Textual.bundle -scanforprivacyfile /Users/hansaxelsson/Library/Developer/Xcode/DerivedData/llmHub-cgsuarxtczjfbvagtomvytclukfr/Build/Products/Debug/llmHub.app/Contents/XPCServices/llmHubHelper.xpc -o /Users/hansaxelsson/Library/Developer/Xcode/DerivedData/llmHub-cgsuarxtczjfbvagtomvytclukfr/Build/Products/Debug/llmHub.app/Contents/Info.plist
removing value "audio" for "UIBackgroundModes" - not supported on macOS
removing value "external-accessory" for "UIBackgroundModes" - only supported on iOS
removing value "fetch" for "UIBackgroundModes" - not supported on macOS
removing value "processing" for "UIBackgroundModes" - not supported on macOS

** BUILD FAILED **


The following build commands failed:
	SwiftCompile normal arm64 /Users/hansaxelsson/llmHub/llmHub/Views/UI/Composer/Composer.swift (in target 'llmHub' from project 'llmHub')
	SwiftCompile normal arm64 Compiling\ Composer.swift /Users/hansaxelsson/llmHub/llmHub/Views/UI/Composer/Composer.swift (in target 'llmHub' from project 'llmHub')
	Building project llmHub with scheme llmHub
(3 failures)
